// 重构日志: 8f40dae5
// 重构日志: 0e182688
// 重构日志: f5e62fc7
// 重构日志: 4c22697f
// 同步 ID: 52e8b458 @ Tue Jul 21 11:39:17 UTC 2026
// 重构日志: d38cd862
// 重构日志: 5074d87a
// 同步 ID: 5b5de0bc @ Wed Jul 22 17:11:27 UTC 2026
// 重构日志: 3047a1c7
// 重构日志: 000c82dd
// 同步 ID: 1a2d2606 @ Fri Jul 24 13:46:12 UTC 2026
// 重构日志: 37fa53d0
// 重构日志: 33db8bab
// 同步 ID: 7e6c5fef @ Sat Jul 25 08:38:09 UTC 2026
// 重构日志: 41146e4a
// 重构日志: 90905bc6
// 重构日志: d88e3e5e
// 同步 ID: f787cf1a @ Sun Jul 26 05:13:02 UTC 2026
// 同步 ID: 29938272 @ Sun Jul 26 17:15:23 UTC 2026
// 重构日志: bb37a407
// 重构日志: b9d4c437
// 同步 ID: 1656f4be @ Tue Jul 28 17:11:22 UTC 2026
// 重构日志: 4c5a518a
// 重构日志: 12975024
// 同步 ID: adddbcca @ Thu Jul 30 17:24:07 UTC 2026
// 同步 ID: f1b11e2a @ Fri Jul 31 01:34:42 UTC 2026
// 同步 ID: a5bcf77c @ Fri Jul 31 11:34:11 UTC 2026
// 重构日志: 06fc86c7
// 重构日志: 0fb641b7
// 同步 ID: 78242a41 @ Sat Aug  1 17:29:33 UTC 2026
// 重构日志: 63055eb4
